
 WPSTRTUP

 Start         Length     Name                   Class
 0001:00000000 000004A2DH CODE32                 CODE 32-bit
	at offset 00000000 001B9H bytes from D:\work\c\startupfldr\wpstrtup.obj (.\wpstrtup.C)
	at offset 000001bc 003A8H bytes from C:\IBMCPP\LIB\cppom30.lib (d:\swordcsd6\crt\begthrd.c)
	at offset 00000564 00191H bytes from C:\IBMCPP\LIB\cppom30.lib (d:\swordcsd6\crt\endthrd.c)
	at offset 000006f8 000D7H bytes from C:\IBMCPP\LIB\cppom30.lib (d:\swordcsd6\crt\fastsem.c)
	at offset 000007d0 0001EH bytes from C:\IBMCPP\LIB\cppom30.lib (d:\swordcsd6\crt\fastsema.asm)
	at offset 000007f0 000B7H bytes from C:\IBMCPP\LIB\cppom30.lib (d:\swordcsd6\crt\freethrd.c)
	at offset 000008a8 0000BH bytes from C:\IBMCPP\LIB\cppom30.lib (d:\swordcsd6\crt\threadid.c)
	at offset 000008b4 0015DH bytes from C:\IBMCPP\LIB\cppom30.lib (d:\swordcsd6\crt\tsglobal.c)
	at offset 00000a14 0002AH bytes from C:\IBMCPP\LIB\cppom30.lib (d:\swordcsd6\crt\cfree.c)
	at offset 00000a40 00039H bytes from C:\IBMCPP\LIB\cppom30.lib (d:\swordcsd6\crt\cmalloc.c)
	at offset 00000a7c 00032H bytes from C:\IBMCPP\LIB\cppom30.lib (d:\swordcsd6\crt\crt_fd.c)
	at offset 00000ab0 00111H bytes from C:\IBMCPP\LIB\cppom30.lib (d:\swordcsd6\crt\ctordtor.c)
	at offset 00000bc4 00010H bytes from C:\IBMCPP\LIB\cppom30.lib (d:\swordcsd6\crt\fpreset.asm)
	at offset 00000bd4 00047H bytes from C:\IBMCPP\LIB\cppom30.lib (d:\swordcsd6\crt\interr.c)
	at offset 00000c1c 000A3H bytes from C:\IBMCPP\LIB\cppom30.lib (d:\swordcsd6\crt\ltoa.c)
	at offset 00000cc0 00210H bytes from C:\IBMCPP\LIB\cppom30.lib (d:\swordcsd6\crt\prtemsg.c)
	at offset 00000ed0 000E2H bytes from C:\IBMCPP\LIB\cppom30.lib (d:\swordcsd6\crt\rcalloc.c)
	at offset 00000fb4 003CFH bytes from C:\IBMCPP\LIB\cppom30.lib (d:\swordcsd6\crt\rcreate.c)
	at offset 00001384 0036EH bytes from C:\IBMCPP\LIB\cppom30.lib (d:\swordcsd6\crt\rheapmin.c)
	at offset 000016f4 0011DH bytes from C:\IBMCPP\LIB\cppom30.lib (d:\swordcsd6\crt\rinit.c)
	at offset 00001814 018C4H bytes from C:\IBMCPP\LIB\cppom30.lib (d:\swordcsd6\crt\rmalloc.c)
	at offset 000030d8 00045H bytes from C:\IBMCPP\LIB\cppom30.lib (d:\swordcsd6\crt\dllinit.c)
	at offset 00003120 0003CH bytes from C:\IBMCPP\LIB\cppom30.lib (d:\swordcsd6\crt\strspn.asm)
	at offset 0000315c 00010H bytes from C:\IBMCPP\LIB\cppom30.lib (d:\swordcsd6\crt\terminat.c)
	at offset 0000316c 00003H bytes from C:\IBMCPP\LIB\cppom30.lib (d:\swordcsd6\crt\wflush.c)
	at offset 00003170 00005H bytes from C:\IBMCPP\LIB\cppom30.lib (d:\swordcsd6\crt\wk_rmem.c)
	at offset 00003178 00007H bytes from C:\IBMCPP\LIB\cppom30.lib (d:\swordcsd6\crt\wk_tmem.c)
	at offset 00003180 00003H bytes from C:\IBMCPP\LIB\cppom30.lib (d:\swordcsd6\crt\wk_walk.c)
	at offset 00003184 0000EH bytes from C:\IBMCPP\LIB\cppom30.lib (d:\swordcsd6\crt\bts.asm)
	at offset 00003194 00017H bytes from C:\IBMCPP\LIB\cppom30.lib (d:\swordcsd6\crt\cweak.c)
	at offset 000031ac 00374H bytes from C:\IBMCPP\LIB\cppom30.lib (d:\swordcsd6\crt\edcinit.c)
	at offset 00003520 00007H bytes from C:\IBMCPP\LIB\cppom30.lib (d:\swordcsd6\crt\edcmxdef.c)
	at offset 00003528 001CDH bytes from C:\IBMCPP\LIB\cppom30.lib (d:\swordcsd6\crt\edcterm.c)
	at offset 000036f8 00007H bytes from C:\IBMCPP\LIB\cppom30.lib (d:\swordcsd6\crt\fclweak.c)
	at offset 00003700 00151H bytes from C:\IBMCPP\LIB\cppom30.lib (d:\swordcsd6\crt\fflush.c)
	at offset 00003854 001A1H bytes from C:\IBMCPP\LIB\cppom30.lib (d:\swordcsd6\crt\flush.c)
	at offset 000039f8 0032DH bytes from C:\IBMCPP\LIB\cppom30.lib (d:\swordcsd6\crt\flushb.c)
	at offset 00003d28 000C5H bytes from C:\IBMCPP\LIB\cppom30.lib (d:\swordcsd6\crt\freefcb.c)
	at offset 00003df0 00174H bytes from C:\IBMCPP\LIB\cppom30.lib (d:\swordcsd6\crt\getenv.c)
	at offset 00003f64 00015H bytes from C:\IBMCPP\LIB\cppom30.lib (d:\swordcsd6\crt\incdec.asm)
	at offset 00003f7c 00007H bytes from C:\IBMCPP\LIB\cppom30.lib (d:\swordcsd6\crt\matherr.c)
	at offset 00003f84 00080H bytes from C:\IBMCPP\LIB\cppom30.lib (d:\swordcsd6\crt\n_dumpwk.c)
	at offset 00004004 0006BH bytes from C:\IBMCPP\LIB\cppom30.lib (d:\swordcsd6\crt\n_excpta.asm)
	at offset 00004070 000F6H bytes from C:\IBMCPP\LIB\cppom30.lib (d:\swordcsd6\crt\n_excrit.c)
	at offset 00004168 000C6H bytes from C:\IBMCPP\LIB\cppom30.lib (d:\swordcsd6\crt\setupenv.c)
	at offset 00004230 00006H bytes from C:\IBMCPP\LIB\cppom30.lib (d:\swordcsd6\crt\w_raise.c)
	at offset 00004238 007F5H bytes from C:\IBMCPP\LIB\cppom30.lib (d:\swordcsd6\crt\n_except.c)

 0001:00004A30 000000030H _MSGSEG32              CODE 32-bit
	at offset 00000000 00030H bytes from C:\IBMCPP\LIB\os2386.lib (.\msgseg32.asm)

 0002:00000000 0000000C4H CONST32_RO             CONST 32-bit
	at offset 00000000 00025H bytes from C:\IBMCPP\LIB\cppom30.lib (d:\swordcsd6\crt\ltoa.c)
	at offset 00000028 00088H bytes from C:\IBMCPP\LIB\cppom30.lib (d:\swordcsd6\crt\prtemsg.c)
	at offset 000000b0 00014H bytes from C:\IBMCPP\LIB\cppom30.lib (d:\swordcsd6\crt\edcinit.c)

 0003:00000000 000000720H DATA32                 DATA 32-bit
	at offset 00000000 002C0H bytes from D:\work\c\startupfldr\wpstrtup.obj (.\wpstrtup.C)
	at offset 000002c0 0009CH bytes from C:\IBMCPP\LIB\cppom30.lib (d:\swordcsd6\crt\begthrd.c)
	at offset 0000035c 00024H bytes from C:\IBMCPP\LIB\cppom30.lib (d:\swordcsd6\crt\endthrd.c)
	at offset 00000380 0000CH bytes from C:\IBMCPP\LIB\cppom30.lib (d:\swordcsd6\crt\tsglobal.c)
	at offset 0000038c 00004H bytes from C:\IBMCPP\LIB\cppom30.lib (d:\swordcsd6\crt\crt_fd.c)
	at offset 00000390 00004H bytes from C:\IBMCPP\LIB\cppom30.lib (d:\swordcsd6\crt\ctordtor.c)
	at offset 00000394 00002H bytes from C:\IBMCPP\LIB\cppom30.lib (d:\swordcsd6\crt\fpreset.asm)
	at offset 00000398 00004H bytes from C:\IBMCPP\LIB\cppom30.lib (d:\swordcsd6\crt\prtemsg.c)
	at offset 0000039c 0000CH bytes from C:\IBMCPP\LIB\cppom30.lib (d:\swordcsd6\crt\rcreate.c)
	at offset 000003a8 0000CH bytes from C:\IBMCPP\LIB\cppom30.lib (d:\swordcsd6\crt\rheapmin.c)
	at offset 000003b4 00028H bytes from C:\IBMCPP\LIB\cppom30.lib (d:\swordcsd6\crt\rmalloc.c)
	at offset 000003dc 00004H bytes from C:\IBMCPP\LIB\cppom30.lib (d:\swordcsd6\crt\dllstub.asm)
	at offset 000003e0 00274H bytes from C:\IBMCPP\LIB\cppom30.lib (d:\swordcsd6\crt\edcinit.c)
	at offset 00000654 00010H bytes from C:\IBMCPP\LIB\cppom30.lib (d:\swordcsd6\crt\fflush.c)
	at offset 00000664 00010H bytes from C:\IBMCPP\LIB\cppom30.lib (d:\swordcsd6\crt\getenv.c)
	at offset 00000674 000ACH bytes from C:\IBMCPP\LIB\cppom30.lib (d:\swordcsd6\crt\n_except.c)

 0003:00000720 000000000H CTOR_DTOR1             DATA 32-bit

 0003:00000720 000000000H CTOR_DTOR2             DATA 32-bit

 0003:00000720 000000000H CTOR_DTOR3             DATA 32-bit

 0003:00000720 00000000CH EDC1                   EDC_CLASS 32-bit
	at offset 00000000 0000CH bytes from C:\IBMCPP\LIB\cppom30.lib (d:\swordcsd6\crt\n_excpta.asm)

 0003:0000072C 0000001A4H EDC2                   EDC_CLASS 32-bit
	at offset 00000000 0000CH bytes from C:\IBMCPP\LIB\cppom30.lib (d:\swordcsd6\crt\begthrd.c)
	at offset 0000000c 0000CH bytes from C:\IBMCPP\LIB\cppom30.lib (d:\swordcsd6\crt\endthrd.c)
	at offset 00000018 0000CH bytes from C:\IBMCPP\LIB\cppom30.lib (d:\swordcsd6\crt\fastsem.c)
	at offset 00000024 00018H bytes from C:\IBMCPP\LIB\cppom30.lib (d:\swordcsd6\crt\fastsema.asm)
	at offset 0000003c 0000CH bytes from C:\IBMCPP\LIB\cppom30.lib (d:\swordcsd6\crt\freethrd.c)
	at offset 00000048 0000CH bytes from C:\IBMCPP\LIB\cppom30.lib (d:\swordcsd6\crt\threadid.c)
	at offset 00000054 0000CH bytes from C:\IBMCPP\LIB\cppom30.lib (d:\swordcsd6\crt\tsglobal.c)
	at offset 00000060 0000CH bytes from C:\IBMCPP\LIB\cppom30.lib (d:\swordcsd6\crt\cfree.c)
	at offset 0000006c 0000CH bytes from C:\IBMCPP\LIB\cppom30.lib (d:\swordcsd6\crt\cmalloc.c)
	at offset 00000078 0000CH bytes from C:\IBMCPP\LIB\cppom30.lib (d:\swordcsd6\crt\fpreset.asm)
	at offset 00000084 0000CH bytes from C:\IBMCPP\LIB\cppom30.lib (d:\swordcsd6\crt\interr.c)
	at offset 00000090 0000CH bytes from C:\IBMCPP\LIB\cppom30.lib (d:\swordcsd6\crt\ltoa.c)
	at offset 0000009c 0000CH bytes from C:\IBMCPP\LIB\cppom30.lib (d:\swordcsd6\crt\prtemsg.c)
	at offset 000000a8 0000CH bytes from C:\IBMCPP\LIB\cppom30.lib (d:\swordcsd6\crt\rheapmin.c)
	at offset 000000b4 0000CH bytes from C:\IBMCPP\LIB\cppom30.lib (d:\swordcsd6\crt\rmalloc.c)
	at offset 000000c0 0000CH bytes from C:\IBMCPP\LIB\cppom30.lib (d:\swordcsd6\crt\strspn.asm)
	at offset 000000cc 0000CH bytes from C:\IBMCPP\LIB\cppom30.lib (d:\swordcsd6\crt\terminat.c)
	at offset 000000d8 0000CH bytes from C:\IBMCPP\LIB\cppom30.lib (d:\swordcsd6\crt\bts.asm)
	at offset 000000e4 0000CH bytes from C:\IBMCPP\LIB\cppom30.lib (d:\swordcsd6\crt\edcinit.c)
	at offset 000000f0 0000CH bytes from C:\IBMCPP\LIB\cppom30.lib (d:\swordcsd6\crt\edcmxdef.c)
	at offset 000000fc 0000CH bytes from C:\IBMCPP\LIB\cppom30.lib (d:\swordcsd6\crt\edcterm.c)
	at offset 00000108 0000CH bytes from C:\IBMCPP\LIB\cppom30.lib (d:\swordcsd6\crt\fclweak.c)
	at offset 00000114 0000CH bytes from C:\IBMCPP\LIB\cppom30.lib (d:\swordcsd6\crt\fflush.c)
	at offset 00000120 0000CH bytes from C:\IBMCPP\LIB\cppom30.lib (d:\swordcsd6\crt\flush.c)
	at offset 0000012c 0000CH bytes from C:\IBMCPP\LIB\cppom30.lib (d:\swordcsd6\crt\flushb.c)
	at offset 00000138 0000CH bytes from C:\IBMCPP\LIB\cppom30.lib (d:\swordcsd6\crt\freefcb.c)
	at offset 00000144 0000CH bytes from C:\IBMCPP\LIB\cppom30.lib (d:\swordcsd6\crt\getenv.c)
	at offset 00000150 00018H bytes from C:\IBMCPP\LIB\cppom30.lib (d:\swordcsd6\crt\incdec.asm)
	at offset 00000168 0000CH bytes from C:\IBMCPP\LIB\cppom30.lib (d:\swordcsd6\crt\matherr.c)
	at offset 00000174 0000CH bytes from C:\IBMCPP\LIB\cppom30.lib (d:\swordcsd6\crt\n_dumpwk.c)
	at offset 00000180 0000CH bytes from C:\IBMCPP\LIB\cppom30.lib (d:\swordcsd6\crt\n_excrit.c)
	at offset 0000018c 0000CH bytes from C:\IBMCPP\LIB\cppom30.lib (d:\swordcsd6\crt\setupenv.c)
	at offset 00000198 0000CH bytes from C:\IBMCPP\LIB\cppom30.lib (d:\swordcsd6\crt\n_except.c)

 0003:000008D0 000000004H EDC3                   EDC_CLASS 32-bit
	at offset 00000000 00004H bytes from C:\IBMCPP\LIB\cppom30.lib (d:\swordcsd6\crt\n_excpta.asm)

 0003:000008D4 000000038H BSS32                  BSS 32-bit
	at offset 00000000 00008H bytes from D:\work\c\startupfldr\wpstrtup.obj (.\wpstrtup.C)
	at offset 00000008 00004H bytes from C:\IBMCPP\LIB\cppom30.lib (d:\swordcsd6\crt\prtemsg.c)
	at offset 0000000c 00004H bytes from C:\IBMCPP\LIB\cppom30.lib (d:\swordcsd6\crt\rinit.c)
	at offset 00000010 0001CH bytes from C:\IBMCPP\LIB\cppom30.lib (d:\swordcsd6\crt\edcinit.c)
	at offset 0000002c 0000CH bytes from C:\IBMCPP\LIB\cppom30.lib (d:\swordcsd6\crt\n_except.c)

 0003:0000090C 000000030H c_common               BSS 32-bit


 Origin   Group
 0000:0   FLAT
 0003:0   DGROUP

 Address       Export                  Alias

 0003:00000208 M_WPStartup2CClassData  M_WPStartup2CClassData
 0003:00000204 M_WPStartup2ClassData   M_WPStartup2ClassData
 0001:00000080 M_WPStartup2NewClass    M_WPStartup2NewClass
 0003:00000138 WPStartup2CClassData    WPStartup2CClassData
 0003:00000134 WPStartup2ClassData     WPStartup2ClassData
 0001:00000000 WPStartup2NewClass      WPStartup2NewClass

  Address         Publics by Name

 0001:00004A42       DOS32GETMESSAGE
 0001:00004A42       Dos32GetMessage
 0000:00000000  Imp  DOS32IQUERYMESSAGECP (MSG.8)
 0000:00000000  Imp  DOS32TRUEGETMESSAGE  (MSG.6)
 0000:00000000  Imp  DosAllocMem          (DOSCALLS.299)
 0000:00000000  Imp  DosCloseEventSem     (DOSCALLS.326)
 0000:00000000  Imp  DosCreateEventSem    (DOSCALLS.324)
 0000:00000000  Imp  DosCreateThread      (DOSCALLS.311)
 0000:00000000  Imp  DosExit              (DOSCALLS.234)
 0000:00000000  Imp  DosFreeMem           (DOSCALLS.304)
 0000:00000000  Imp  DosGetInfoBlocks     (DOSCALLS.312)
 0001:00004A42       DOSGETMESSAGE
 0001:00004A42       DosGetMessage
 0000:00000000  Imp  DosOpenEventSem      (DOSCALLS.325)
 0000:00000000  Imp  DosPostEventSem      (DOSCALLS.328)
 0000:00000000  Imp  DosQueryDBCSEnv      (NLS.6)
 0000:00000000  Imp  DosQueryHType        (DOSCALLS.224)
 0000:00000000  Imp  DosQuerySysInfo      (DOSCALLS.348)
 0000:00000000  Imp  DosRaiseException    (DOSCALLS.356)
 0000:00000000  Imp  DosResetEventSem     (DOSCALLS.327)
 0000:00000000  Imp  DosSetFilePtr        (DOSCALLS.256)
 0000:00000000  Imp  DosSetSignalExceptionFocus (DOSCALLS.378)
 0000:00000000  Imp  DosSleep             (DOSCALLS.229)
 0000:00000000  Imp  DosWaitEventSem      (DOSCALLS.329)
 0000:00000000  Imp  DosWrite             (DOSCALLS.282)
 0001:00003700       fflush
 0001:00000A14       free
 0001:00003DF0       getenv
 0001:00000A40       malloc
 0000:00000000  Imp  M_WPFolderNewClass   (PMWP.315)
 0003:00000208       M_WPStartup2CClassData
 0003:00000204       M_WPStartup2ClassData
 0001:00000080       M_WPStartup2NewClass
 0001:00004A30       sig32
 0000:00000000  Imp  somBuildClass        (som.49)
 0000:00000000  Imp  somParentNumResolve  (som.50)
 0000:00000000  Imp  somPrintf            (som.35)
 0000:00000000  Imp  somResolve           (som.37)
 0000:00000000  Imp  SOM_TraceLevel       (som.18)
 0003:00000598       stderr
 0003:00000590       stdin
 0003:00000594       stdout
 0001:00003120       strspn
 0000:00000000  Imp  WPFolderClassData    (PMWP.14)
 0000:00000000  Imp  WPFolderNewClass     (PMWP.15)
 0000:00000000  Imp  WPObjectClassData    (PMWP.23)
 0003:00000138       WPStartup2CClassData
 0003:00000134       WPStartup2ClassData
 0001:00000000       WPStartup2NewClass
 0001:000000B0       wpStartup2_wpInitData
 0001:00000130       wpStartup2_wpRestoreState
 0001:000004E0       _beginthread
 0001:00003184       _bit_test_set
 0001:000007C0       _CloseSem
 0001:00000798       _CreateSem
 0001:00004070       _critlib_except
 0001:000001BC       _CrtGetLocalData
 0001:00000498       _CrtInitThread
 0001:000031FC       _CRT_init
 0003:0000038C       _crt_msg_handle
 0001:00003528       _CRT_term
 0003:000008EC       _CRT_usage_count
 0003:00000648       _daylight
 0003:0000090C       _dbg_mem_sem
 0001:00003F6C       _dec_test
 0003:000003DC       _dllentry
 0001:000030D8       _DLL_InitTerm
 0003:000008D4       _edata
 0003:000008E4       _edcinit_fin
 0003:00000918       _eh_base
 0003:0000093C       _end
 0001:00000564       _endthread
 0003:00000924       _environ
 0001:000009F4       _errno
 0001:00004004       _Exception
 0001:000049AC       _exception_dllinit
 0001:000049DC       _exception_procinit
 0001:000042A4       _EXE_Exception
 0001:000036F8       _fcloseall_weak
 0003:00000720       _firsteib
 0001:00003854       _Flush
 0001:000039F8       _flushb
 0001:00000BC4       _fpreset
 0001:000031A8       _freeCtype_weak
 0001:00003D28       _FreeFCB
 0001:000031A0       _freeLocale_weak
 0001:000007F0       _freeThreadStorage
 0001:00004238       _get_eib
 0001:00004034       _get_seglim
 0001:00003198       _iconv_term_weak
 0001:00003F64       _inc
 0001:000031A4       _init_ctype_weak
 0001:00000BD4       _internal_err
 0001:00001DF0       _int_rfree
 0001:00001224       _int_uaddmem
 0001:00001490       _int_uheapmin
 0001:00002D54       _int_umalloc
 0003:000008D0       _lasteib
 0001:00004424       _Lib_excpt
 0003:000008E8       _locale_initialized
 0001:0000319C       _localInit_weak
 0001:00000C1C       _ltoa
 0001:00003F7C       _matherr
 0003:00000674       _matherr_ptr
 0001:00003520       _Math_Exception_Def
 0001:00000D0C       _MesgServ
 0001:00004294       _mig_eib_store
 0001:00000784       _OpenSem
 0003:00000928       _osmajor
 0003:00000929       _osminor
 0003:00000650       _osmode
 0003:00000644       _PGLOBAL_PTR
 0001:00000CC0       _PrintErrMsg
 0001:000042E4       _recreate_exception
 0001:00004028       _Regen_exception
 0003:0000092C       _reg_heap
 0001:000007E0       _ReleaseSem
 0001:000007D0       _RequestSem
 0001:00001738       _rmem_init
 0001:000016F4       _rmem_term
 0001:00001C14       _rnode_delete
 0001:00004168       _setupenv
 0001:00000A7C       _set_crt_msg_handle
 0001:0000315C       _terminate
 0003:00000930       _TerminateAndDumpSem
 0001:0000401C       _Test_and_reset
 0001:000031AC       _test_handle
 0003:0000064C       _timezone
 0003:0000091C       _tzname
 0001:00001164       _uaddmem
 0001:00000ED0       _ucalloc
 0001:00000FB4       _ucreate
 0001:00001C64       _ufree
 0001:000013E0       _uheapmin
 0001:00001D38       _umalloc
 0003:00000938       _walk_used
 0001:0000316C       _w_int_uflush
 0001:00003174       _w_int_unlink_item
 0001:00004230       _w_raise
 0001:00003F84       _w_Terminate_and_dump
 0001:0000317C       _w_tmem_init
 0001:00003178       _w_tmem_term
 0001:00003170       _w_uheap_verify
 0001:00003180       _w_walking
 0001:00004A20       __Async_exception_flag
 0001:000009A4       __broken_time_ptr
 0001:000008B4       __conv_buf
 0001:00000A04       __cppstore
 0003:00000390       __ctdtused
 0003:00000914       __ctordtorCurrent
 0003:00000720       __ctordtorEnd
 0001:00000AE8       __ctordtorInit
 0003:00000720       __ctordtorStart
 0001:00000AB0       __ctordtorTerm
 0001:00000994       __cvt_buf_ptr
 0001:000008F8       __default_heap
 0001:000009E4       __doserrno
 0001:000009D4       __dttm_ptr
 0001:0000455C       __Exception
 0001:000009B4       __flags
 0001:0000071C       __handleCollision
 0001:00000974       __internal_buf_ptr
 0001:00000984       __lcvt_buf_ptr
 0001:00003194       __method_weak
 0001:000006F8       __pendingRequest
 0001:00000964       __perror_msg_ptr
 0001:00000928       __random_seed
 0001:00004A10       __Saved_return_address
 0001:000009C4       __strerror_msg_ptr
 0001:00000944       __strtok_pos
 0001:00000918       __swprintf_buf
 0001:00000908       __swprintf_size
 0001:00000954       __tempname_ptr
 0001:000008A8       __threadid
 0001:00000938       __version

  Address         Publics by Value

 0000:00000000  Imp  DosQueryHType        (DOSCALLS.224)
 0000:00000000  Imp  WPObjectClassData    (PMWP.23)
 0000:00000000  Imp  DosWrite             (DOSCALLS.282)
 0000:00000000  Imp  somParentNumResolve  (som.50)
 0000:00000000  Imp  DosExit              (DOSCALLS.234)
 0000:00000000  Imp  M_WPFolderNewClass   (PMWP.315)
 0000:00000000  Imp  DosSleep             (DOSCALLS.229)
 0000:00000000  Imp  somBuildClass        (som.49)
 0000:00000000  Imp  DosSetFilePtr        (DOSCALLS.256)
 0000:00000000  Imp  DosCreateEventSem    (DOSCALLS.324)
 0000:00000000  Imp  DosRaiseException    (DOSCALLS.356)
 0000:00000000  Imp  WPFolderNewClass     (PMWP.15)
 0000:00000000  Imp  DosWaitEventSem      (DOSCALLS.329)
 0000:00000000  Imp  DosQuerySysInfo      (DOSCALLS.348)
 0000:00000000  Imp  DosCloseEventSem     (DOSCALLS.326)
 0000:00000000  Imp  DosPostEventSem      (DOSCALLS.328)
 0000:00000000  Imp  DosResetEventSem     (DOSCALLS.327)
 0000:00000000  Imp  DosCreateThread      (DOSCALLS.311)
 0000:00000000  Imp  DOS32IQUERYMESSAGECP (MSG.8)
 0000:00000000  Imp  somResolve           (som.37)
 0000:00000000  Imp  DosSetSignalExceptionFocus (DOSCALLS.378)
 0000:00000000  Imp  WPFolderClassData    (PMWP.14)
 0000:00000000  Imp  DosAllocMem          (DOSCALLS.299)
 0000:00000000  Imp  DosFreeMem           (DOSCALLS.304)
 0000:00000000  Imp  DosGetInfoBlocks     (DOSCALLS.312)
 0000:00000000  Imp  somPrintf            (som.35)
 0000:00000000  Imp  DOS32TRUEGETMESSAGE  (MSG.6)
 0000:00000000  Imp  DosOpenEventSem      (DOSCALLS.325)
 0000:00000000  Imp  SOM_TraceLevel       (som.18)
 0000:00000000  Imp  DosQueryDBCSEnv      (NLS.6)
 0001:00000000       WPStartup2NewClass
 0001:00000080       M_WPStartup2NewClass
 0001:000000B0       wpStartup2_wpInitData
 0001:00000130       wpStartup2_wpRestoreState
 0001:000001BC       _CrtGetLocalData
 0001:00000498       _CrtInitThread
 0001:000004E0       _beginthread
 0001:00000564       _endthread
 0001:000006F8       __pendingRequest
 0001:0000071C       __handleCollision
 0001:00000784       _OpenSem
 0001:00000798       _CreateSem
 0001:000007C0       _CloseSem
 0001:000007D0       _RequestSem
 0001:000007E0       _ReleaseSem
 0001:000007F0       _freeThreadStorage
 0001:000008A8       __threadid
 0001:000008B4       __conv_buf
 0001:000008F8       __default_heap
 0001:00000908       __swprintf_size
 0001:00000918       __swprintf_buf
 0001:00000928       __random_seed
 0001:00000938       __version
 0001:00000944       __strtok_pos
 0001:00000954       __tempname_ptr
 0001:00000964       __perror_msg_ptr
 0001:00000974       __internal_buf_ptr
 0001:00000984       __lcvt_buf_ptr
 0001:00000994       __cvt_buf_ptr
 0001:000009A4       __broken_time_ptr
 0001:000009B4       __flags
 0001:000009C4       __strerror_msg_ptr
 0001:000009D4       __dttm_ptr
 0001:000009E4       __doserrno
 0001:000009F4       _errno
 0001:00000A04       __cppstore
 0001:00000A14       free
 0001:00000A40       malloc
 0001:00000A7C       _set_crt_msg_handle
 0001:00000AB0       __ctordtorTerm
 0001:00000AE8       __ctordtorInit
 0001:00000BC4       _fpreset
 0001:00000BD4       _internal_err
 0001:00000C1C       _ltoa
 0001:00000CC0       _PrintErrMsg
 0001:00000D0C       _MesgServ
 0001:00000ED0       _ucalloc
 0001:00000FB4       _ucreate
 0001:00001164       _uaddmem
 0001:00001224       _int_uaddmem
 0001:000013E0       _uheapmin
 0001:00001490       _int_uheapmin
 0001:000016F4       _rmem_term
 0001:00001738       _rmem_init
 0001:00001C14       _rnode_delete
 0001:00001C64       _ufree
 0001:00001D38       _umalloc
 0001:00001DF0       _int_rfree
 0001:00002D54       _int_umalloc
 0001:000030D8       _DLL_InitTerm
 0001:00003120       strspn
 0001:0000315C       _terminate
 0001:0000316C       _w_int_uflush
 0001:00003170       _w_uheap_verify
 0001:00003174       _w_int_unlink_item
 0001:00003178       _w_tmem_term
 0001:0000317C       _w_tmem_init
 0001:00003180       _w_walking
 0001:00003184       _bit_test_set
 0001:00003194       __method_weak
 0001:00003198       _iconv_term_weak
 0001:0000319C       _localInit_weak
 0001:000031A0       _freeLocale_weak
 0001:000031A4       _init_ctype_weak
 0001:000031A8       _freeCtype_weak
 0001:000031AC       _test_handle
 0001:000031FC       _CRT_init
 0001:00003520       _Math_Exception_Def
 0001:00003528       _CRT_term
 0001:000036F8       _fcloseall_weak
 0001:00003700       fflush
 0001:00003854       _Flush
 0001:000039F8       _flushb
 0001:00003D28       _FreeFCB
 0001:00003DF0       getenv
 0001:00003F64       _inc
 0001:00003F6C       _dec_test
 0001:00003F7C       _matherr
 0001:00003F84       _w_Terminate_and_dump
 0001:00004004       _Exception
 0001:0000401C       _Test_and_reset
 0001:00004028       _Regen_exception
 0001:00004034       _get_seglim
 0001:00004070       _critlib_except
 0001:00004168       _setupenv
 0001:00004230       _w_raise
 0001:00004238       _get_eib
 0001:00004294       _mig_eib_store
 0001:000042A4       _EXE_Exception
 0001:000042E4       _recreate_exception
 0001:00004424       _Lib_excpt
 0001:0000455C       __Exception
 0001:000049AC       _exception_dllinit
 0001:000049DC       _exception_procinit
 0001:00004A10       __Saved_return_address
 0001:00004A20       __Async_exception_flag
 0001:00004A30       sig32
 0001:00004A42       DosGetMessage
 0001:00004A42       DOSGETMESSAGE
 0001:00004A42       Dos32GetMessage
 0001:00004A42       DOS32GETMESSAGE
 0003:00000134       WPStartup2ClassData
 0003:00000138       WPStartup2CClassData
 0003:00000204       M_WPStartup2ClassData
 0003:00000208       M_WPStartup2CClassData
 0003:0000038C       _crt_msg_handle
 0003:00000390       __ctdtused
 0003:000003DC       _dllentry
 0003:00000590       stdin
 0003:00000594       stdout
 0003:00000598       stderr
 0003:00000644       _PGLOBAL_PTR
 0003:00000648       _daylight
 0003:0000064C       _timezone
 0003:00000650       _osmode
 0003:00000674       _matherr_ptr
 0003:00000720       __ctordtorStart
 0003:00000720       __ctordtorEnd
 0003:00000720       _firsteib
 0003:000008D0       _lasteib
 0003:000008D4       _edata
 0003:000008E4       _edcinit_fin
 0003:000008E8       _locale_initialized
 0003:000008EC       _CRT_usage_count
 0003:0000090C       _dbg_mem_sem
 0003:00000914       __ctordtorCurrent
 0003:00000918       _eh_base
 0003:0000091C       _tzname
 0003:00000924       _environ
 0003:00000928       _osmajor
 0003:00000929       _osminor
 0003:0000092C       _reg_heap
 0003:00000930       _TerminateAndDumpSem
 0003:00000938       _walk_used
 0003:0000093C       _end

Program entry point at 0001:000030D8
